 edges
 | tests3.cpp:23:21:23:53 | call to createXMLReader | tests3.cpp:25:2:25:2 | p |
 | tests3.cpp:35:16:35:20 | p_3_3 | tests3.cpp:38:2:38:6 | Load |
 | tests3.cpp:35:24:35:56 | Store | tests3.cpp:35:16:35:20 | p_3_3 |
 | tests5.cpp:88:2:88:2 | Load | tests5.cpp:88:2:88:2 | p |
 | tests5.cpp:88:2:88:2 | p | tests5.cpp:89:2:89:2 | p |
 | tests5.cpp:88:2:88:2 | p indirection | tests5.cpp:88:2:88:2 | p |
 nodes
 | tests3.cpp:23:21:23:53 | call to createXMLReader | semmle.label | call to createXMLReader |
 | tests3.cpp:25:2:25:2 | p | semmle.label | p |
 | tests3.cpp:35:16:35:20 | p_3_3 | semmle.label | p_3_3 |
 | tests5.cpp:88:2:88:2 | p | semmle.label | p |
 | tests5.cpp:88:2:88:2 | p indirection | semmle.label | p indirection |
 | tests5.cpp:89:2:89:2 | p | semmle.label | p |
 subpaths
 #select
 | tests3.cpp:25:2:25:2 | p | tests3.cpp:23:21:23:53 | call to createXMLReader | tests3.cpp:25:2:25:2 | p | This $@ is not configured to prevent an XML external entity (XXE) attack. | tests3.cpp:23:21:23:53 | call to createXMLReader | XML parser |
 | tests3.cpp:38:2:38:6 | p_3_3 | tests3.cpp:35:24:35:56 | call to createXMLReader | tests3.cpp:38:2:38:6 | p_3_3 | This $@ is not configured to prevent an XML external entity (XXE) attack. | tests3.cpp:35:24:35:56 | call to createXMLReader | XML parser |
 | tests3.cpp:45:2:45:6 | p_3_4 | tests3.cpp:41:24:41:56 | call to createXMLReader | tests3.cpp:45:2:45:6 | p_3_4 | This $@ is not configured to prevent an XML external entity (XXE) attack. | tests3.cpp:41:24:41:56 | call to createXMLReader | XML parser |
 | tests5.cpp:77:2:77:5 | g_p2 | tests5.cpp:70:17:70:30 | call to createLSParser | tests5.cpp:77:2:77:5 | g_p2 | This $@ is not configured to prevent an XML external entity (XXE) attack. | tests5.cpp:70:17:70:30 | call to createLSParser | XML parser |
 | tests5.cpp:83:2:83:2 | p | tests5.cpp:81:25:81:38 | call to createLSParser | tests5.cpp:83:2:83:2 | p | This $@ is not configured to prevent an XML external entity (XXE) attack. | tests5.cpp:81:25:81:38 | call to createLSParser | XML parser |
 | tests5.cpp:89:2:89:2 | p | tests5.cpp:81:25:81:38 | call to createLSParser | tests5.cpp:89:2:89:2 | p | This $@ is not configured to prevent an XML external entity (XXE) attack. | tests5.cpp:81:25:81:38 | call to createLSParser | XML parser |